// Jest Snapshot v1, https://goo.gl/fbAQLP

exports[`<HTMLReportFooter /> 1`] = `
<footer>
  Flow Coverage Report generated by
   
  <a
    href="https://flowtype.org"
  >
    flow
  </a>
   
  and
   
  <a
    href="https://github.com/rpl/flow-coverage-report"
  >
    flow-coverage-report
  </a>
   
  at 
  fakeGeneratedAt
</footer>
`;
